// Jest Snapshot v1, https://goo.gl/fbAQLP

exports[`should not change 1`] = `
<DocumentFragment>
  <div
    class="BoxList"
  >
    <h1
      class="BoxList-title"
    >
      Color Box Maker
    </h1>
    <h2
      class="BoxList-subtitle"
    >
      Make A New Box
    </h2>
    <form
      class="BoxList-form"
    >
      <div
        class="BoxList-form-element"
      >
        <label
          class="BoxList-form-label"
          for="width"
        >
          Width in PX:
        </label>
        <input
          class="BoxList-input-text"
          id="width"
          type="text"
          value=""
        />
      </div>
      <div
        class="BoxList-form-element"
      >
        <label
          class="BoxList-form-label"
          for="height"
        >
          Height in PX:
        </label>
        <input
          class="BoxList-input-text"
          id="height"
          type="text"
          value=""
        />
      </div>
      <div
        class="BoxList-form-element"
      >
        <label
          class="BoxList-form-label"
          for="color"
        >
          COLOR: 
        </label>
        <select
          id="color"
        >
          <option
            value=""
          >
            --- Please select a color---
          </option>
          <option
            value="aqua"
          >
            aqua
          </option>
          <option
            value="black"
          >
            black
          </option>
          <option
            value="blue"
          >
            blue
          </option>
          <option
            value="fuchsia"
          >
            fuchsia
          </option>
          <option
            value="gray"
          >
            gray
          </option>
          <option
            value="green"
          >
            green
          </option>
          <option
            value="lime"
          >
            lime
          </option>
          <option
            value="maroon"
          >
            maroon
          </option>
          <option
            value="navy"
          >
            navy
          </option>
          <option
            value="olive"
          >
            olive
          </option>
          <option
            value="purple"
          >
            purple
          </option>
          <option
            value="red"
          >
            red
          </option>
          <option
            value="silver"
          >
            silver
          </option>
          <option
            value="teal"
          >
            teal
          </option>
          <option
            value="white"
          >
            white
          </option>
          <option
            value="yellow"
          >
            yellow
          </option>
        </select>
      </div>
      <button
        class="BoxList-form-element BoxList-form-button"
        type="submit"
      >
        Add
      </button>
    </form>
    <h2
      class="BoxList-subtitle"
    >
      Boxes You Have Made
    </h2>
    <div
      class="BoxList-list"
    >
      <div
        class="Box"
      >
        <div
          class="Box-box"
          style="background-color: black; width: 100px; height: 100px;"
        />
        <button
          class="Box-delete"
          id="0"
        >
          X
        </button>
      </div>
      <div
        class="Box"
      >
        <div
          class="Box-box"
          style="background-color: blue; width: 150px; height: 100px;"
        />
        <button
          class="Box-delete"
          id="1"
        >
          X
        </button>
      </div>
      <div
        class="Box"
      >
        <div
          class="Box-box"
          style="background-color: red; width: 200px; height: 120px;"
        />
        <button
          class="Box-delete"
          id="2"
        >
          X
        </button>
      </div>
    </div>
  </div>
</DocumentFragment>
`;
